[0.000000] (-) TimerEvent: {}
[0.000299] (-) JobUnselected: {'identifier': 'my_robot_controller'}
[0.000331] (my_robot_bringup) JobQueued: {'identifier': 'my_robot_bringup', 'dependencies': OrderedDict()}
[0.000545] (my_robot_bringup) JobStarted: {'identifier': 'my_robot_bringup'}
[0.008212] (my_robot_bringup) JobProgress: {'identifier': 'my_robot_bringup', 'progress': 'cmake'}
[0.008807] (my_robot_bringup) Command: {'cmd': ['/usr/bin/cmake', '/home/jack/ros2_ws/src/my_robot_bringup', '-DCMAKE_INSTALL_PREFIX=/home/jack/ros2_ws/install/my_robot_bringup'], 'cwd': '/home/jack/ros2_ws/build/my_robot_bringup', 'env': OrderedDict({'LESSOPEN': '| /usr/bin/lesspipe %s', 'USER': 'jack', 'GZ_CONFIG_PATH': '/opt/ros/jazzy/opt/sdformat_vendor/share/gz', 'XDG_SESSION_TYPE': 'wayland', 'SHLVL': '1', 'LD_LIBRARY_PATH': '/opt/ros/jazzy/opt/sdformat_vendor/lib:/opt/ros/jazzy/opt/rviz_ogre_vendor/lib:/opt/ros/jazzy/lib/x86_64-linux-gnu:/opt/ros/jazzy/opt/gz_math_vendor/lib:/opt/ros/jazzy/opt/gz_utils_vendor/lib:/opt/ros/jazzy/opt/gz_tools_vendor/lib:/opt/ros/jazzy/opt/gz_cmake_vendor/lib:/opt/ros/jazzy/lib', 'HOME': '/home/jack', 'OLDPWD': '/home/jack/ros2_ws/src', 'DESKTOP_SESSION': 'ubuntu', 'ROS_PYTHON_VERSION': '3', 'GNOME_SHELL_SESSION_MODE': 'ubuntu', 'GTK_MODULES': 'gail:atk-bridge', 'MANAGERPID': '3070', 'SYSTEMD_EXEC_PID': '3547', 'GSM_SKIP_SSH_AGENT_WORKAROUND': 'true', 'DBUS_SESSION_BUS_ADDRESS': 'unix:path=/run/user/1000/bus', 'COLORTERM': 'truecolor', 'TERMINATOR_DBUS_NAME': 'net.tenshu.Terminator25ef4b219e3b005583550f2b0f9f990c3', 'GIO_LAUNCHED_DESKTOP_FILE_PID': '20169', 'GNOME_KEYRING_CONTROL': '/run/user/1000/keyring', 'DEBUGINFOD_URLS': 'https://debuginfod.ubuntu.com', 'IM_CONFIG_PHASE': '1', 'WAYLAND_DISPLAY': 'wayland-0', 'COLCON_PREFIX_PATH': '/home/jack/launch_ws/install', 'ROS_DISTRO': 'jazzy', 'LOGNAME': 'jack', 'JOURNAL_STREAM': '8:17259', '_': '/usr/bin/colcon', 'ROS_VERSION': '2', 'MEMORY_PRESSURE_WATCH': '/sys/fs/cgroup/user.slice/user-1000.slice/user@1000.service/session.slice/org.gnome.SettingsDaemon.MediaKeys.service/memory.pressure', 'XDG_SESSION_CLASS': 'user', 'USERNAME': 'jack', 'TERM': 'xterm-256color', 'GNOME_DESKTOP_SESSION_ID': 'this-is-deprecated', 'PATH': '/opt/ros/jazzy/opt/gz_tools_vendor/bin:/opt/ros/jazzy/bin:/usr/local/sbin:/usr/local/bin:/usr/sbin:/usr/bin:/sbin:/bin:/usr/games:/usr/local/games:/snap/bin:/snap/bin', 'SESSION_MANAGER': 'local/jack-Precision-3560:@/tmp/.ICE-unix/3339,unix/jack-Precision-3560:/tmp/.ICE-unix/3339', 'INVOCATION_ID': 'fbc0a6933f1f4a12ad3ae24a18563065', 'XDG_MENU_PREFIX': 'gnome-', 'GNOME_SETUP_DISPLAY': ':1', 'XDG_RUNTIME_DIR': '/run/user/1000', 'DISPLAY': ':0', 'TERMINATOR_DBUS_PATH': '/net/tenshu/Terminator2', 'LANG': 'en_US.UTF-8', 'XDG_CURRENT_DESKTOP': 'ubuntu:GNOME', 'XMODIFIERS': '@im=ibus', 'XDG_SESSION_DESKTOP': 'ubuntu', 'XAUTHORITY': '/run/user/1000/.mutter-Xwaylandauth.JAN202', 'LS_COLORS': 'rs=0:di=01;34:ln=01;36:mh=00:pi=40;33:so=01;35:do=01;35:bd=40;33;01:cd=40;33;01:or=40;31;01:mi=00:su=37;41:sg=30;43:ca=00:tw=30;42:ow=34;42:st=37;44:ex=01;32:*.tar=01;31:*.tgz=01;31:*.arc=01;31:*.arj=01;31:*.taz=01;31:*.lha=01;31:*.lz4=01;31:*.lzh=01;31:*.lzma=01;31:*.tlz=01;31:*.txz=01;31:*.tzo=01;31:*.t7z=01;31:*.zip=01;31:*.z=01;31:*.dz=01;31:*.gz=01;31:*.lrz=01;31:*.lz=01;31:*.lzo=01;31:*.xz=01;31:*.zst=01;31:*.tzst=01;31:*.bz2=01;31:*.bz=01;31:*.tbz=01;31:*.tbz2=01;31:*.tz=01;31:*.deb=01;31:*.rpm=01;31:*.jar=01;31:*.war=01;31:*.ear=01;31:*.sar=01;31:*.rar=01;31:*.alz=01;31:*.ace=01;31:*.zoo=01;31:*.cpio=01;31:*.7z=01;31:*.rz=01;31:*.cab=01;31:*.wim=01;31:*.swm=01;31:*.dwm=01;31:*.esd=01;31:*.avif=01;35:*.jpg=01;35:*.jpeg=01;35:*.mjpg=01;35:*.mjpeg=01;35:*.gif=01;35:*.bmp=01;35:*.pbm=01;35:*.pgm=01;35:*.ppm=01;35:*.tga=01;35:*.xbm=01;35:*.xpm=01;35:*.tif=01;35:*.tiff=01;35:*.png=01;35:*.svg=01;35:*.svgz=01;35:*.mng=01;35:*.pcx=01;35:*.mov=01;35:*.mpg=01;35:*.mpeg=01;35:*.m2v=01;35:*.mkv=01;35:*.webm=01;35:*.webp=01;35:*.ogm=01;35:*.mp4=01;35:*.m4v=01;35:*.mp4v=01;35:*.vob=01;35:*.qt=01;35:*.nuv=01;35:*.wmv=01;35:*.asf=01;35:*.rm=01;35:*.rmvb=01;35:*.flc=01;35:*.avi=01;35:*.fli=01;35:*.flv=01;35:*.gl=01;35:*.dl=01;35:*.xcf=01;35:*.xwd=01;35:*.yuv=01;35:*.cgm=01;35:*.emf=01;35:*.ogv=01;35:*.ogx=01;35:*.aac=00;36:*.au=00;36:*.flac=00;36:*.m4a=00;36:*.mid=00;36:*.midi=00;36:*.mka=00;36:*.mp3=00;36:*.mpc=00;36:*.ogg=00;36:*.ra=00;36:*.wav=00;36:*.oga=00;36:*.opus=00;36:*.spx=00;36:*.xspf=00;36:*~=00;90:*#=00;90:*.bak=00;90:*.crdownload=00;90:*.dpkg-dist=00;90:*.dpkg-new=00;90:*.dpkg-old=00;90:*.dpkg-tmp=00;90:*.old=00;90:*.orig=00;90:*.part=00;90:*.rej=00;90:*.rpmnew=00;90:*.rpmorig=00;90:*.rpmsave=00;90:*.swp=00;90:*.tmp=00;90:*.ucf-dist=00;90:*.ucf-new=00;90:*.ucf-old=00;90:', 'SSH_AUTH_SOCK': '/run/user/1000/keyring/ssh', 'AMENT_PREFIX_PATH': '/opt/ros/jazzy', 'SHELL': '/bin/bash', 'TERMINATOR_UUID': 'urn:uuid:ed937344-a965-40de-9620-73e3661efeac', 'QT_ACCESSIBILITY': '1', 'GDMSESSION': 'ubuntu', 'LESSCLOSE': '/usr/bin/lesspipe %s %s', 'ROS_AUTOMATIC_DISCOVERY_RANGE': 'SUBNET', 'QT_IM_MODULE': 'ibus', 'PWD': '/home/jack/ros2_ws/build/my_robot_bringup', 'LC_ALL': 'en_US.UTF-8', 'XDG_CONFIG_DIRS': '/etc/xdg/xdg-ubuntu:/etc/xdg', 'XDG_DATA_DIRS': '/usr/share/ubuntu:/usr/share/gnome:/usr/local/share/:/usr/share/:/var/lib/snapd/desktop', 'PYTHONPATH': '/home/jack/launch_ws/install/py_launch_example/lib/python3.12/site-packages:/opt/ros/jazzy/lib/python3.12/site-packages', 'COLCON': '1', 'MEMORY_PRESSURE_WRITE': 'c29tZSAyMDAwMDAgMjAwMDAwMAA=', 'VTE_VERSION': '7600', 'CMAKE_PREFIX_PATH': '/opt/ros/jazzy/opt/sdformat_vendor:/opt/ros/jazzy/opt/gz_math_vendor:/opt/ros/jazzy/opt/gz_utils_vendor:/opt/ros/jazzy/opt/gz_tools_vendor:/opt/ros/jazzy/opt/gz_cmake_vendor'}), 'shell': False}
[0.022906] (my_robot_bringup) StdoutLine: {'line': b'-- Found ament_cmake: 2.5.3 (/opt/ros/jazzy/share/ament_cmake/cmake)\n'}
[0.099893] (-) TimerEvent: {}
[0.200174] (-) TimerEvent: {}
[0.300487] (-) TimerEvent: {}
[0.354993] (my_robot_bringup) StderrLine: {'line': b"Error parsing '/home/jack/ros2_ws/src/my_robot_bringup/package.xml':\n"}
[0.400708] (-) TimerEvent: {}
[0.501132] (-) TimerEvent: {}
[0.601463] (-) TimerEvent: {}
[0.701944] (-) TimerEvent: {}
[0.802359] (-) TimerEvent: {}
[0.902805] (-) TimerEvent: {}
[1.003189] (-) TimerEvent: {}
[1.103556] (-) TimerEvent: {}
[1.203966] (-) TimerEvent: {}
[1.304347] (-) TimerEvent: {}
[1.355770] (my_robot_bringup) StderrLine: {'line': b'Traceback (most recent call last):\n'}
[1.355955] (my_robot_bringup) StderrLine: {'line': b'  File "/usr/lib/python3/dist-packages/catkin_pkg/package.py", line 610, in parse_package_string\n'}
[1.356030] (my_robot_bringup) StderrLine: {'line': b'    root = dom.parseString(data)\n'}
[1.356127] (my_robot_bringup) StderrLine: {'line': b'           ^^^^^^^^^^^^^^^^^^^^^\n'}
[1.356198] (my_robot_bringup) StderrLine: {'line': b'  File "/usr/lib/python3.12/xml/dom/minidom.py", line 2000, in parseString\n'}
[1.356494] (my_robot_bringup) StderrLine: {'line': b'    return expatbuilder.parseString(string)\n'}
[1.356638] (my_robot_bringup) StderrLine: {'line': b'           ^^^^^^^^^^^^^^^^^^^^^^^^^^^^^^^^\n'}
[1.356713] (my_robot_bringup) StderrLine: {'line': b'  File "/usr/lib/python3.12/xml/dom/expatbuilder.py", line 922, in parseString\n'}
[1.356784] (my_robot_bringup) StderrLine: {'line': b'    return builder.parseString(string)\n'}
[1.356853] (my_robot_bringup) StderrLine: {'line': b'           ^^^^^^^^^^^^^^^^^^^^^^^^^^^\n'}
[1.356920] (my_robot_bringup) StderrLine: {'line': b'  File "/usr/lib/python3.12/xml/dom/expatbuilder.py", line 220, in parseString\n'}
[1.356986] (my_robot_bringup) StderrLine: {'line': b'    parser.Parse(string, True)\n'}
[1.357051] (my_robot_bringup) StderrLine: {'line': b'xml.parsers.expat.ExpatError: not well-formed (invalid token): line 7, column 69\n'}
[1.357116] (my_robot_bringup) StderrLine: {'line': b'\n'}
[1.357182] (my_robot_bringup) StderrLine: {'line': b'During handling of the above exception, another exception occurred:\n'}
[1.357247] (my_robot_bringup) StderrLine: {'line': b'\n'}
[1.357312] (my_robot_bringup) StderrLine: {'line': b'Traceback (most recent call last):\n'}
[1.357378] (my_robot_bringup) StderrLine: {'line': b'  File "/opt/ros/jazzy/share/ament_cmake_core/cmake/core/package_xml_2_cmake.py", line 150, in <module>\n'}
[1.357468] (my_robot_bringup) StderrLine: {'line': b'    main()\n'}
[1.357538] (my_robot_bringup) StderrLine: {'line': b'  File "/opt/ros/jazzy/share/ament_cmake_core/cmake/core/package_xml_2_cmake.py", line 53, in main\n'}
[1.357601] (my_robot_bringup) StderrLine: {'line': b'    raise e\n'}
[1.357662] (my_robot_bringup) StderrLine: {'line': b'  File "/opt/ros/jazzy/share/ament_cmake_core/cmake/core/package_xml_2_cmake.py", line 49, in main\n'}
[1.357724] (my_robot_bringup) StderrLine: {'line': b'    package = parse_package_string(\n'}
[1.357785] (my_robot_bringup) StderrLine: {'line': b'              ^^^^^^^^^^^^^^^^^^^^^\n'}
[1.357846] (my_robot_bringup) StderrLine: {'line': b'  File "/usr/lib/python3/dist-packages/catkin_pkg/package.py", line 612, in parse_package_string\n'}
[1.357909] (my_robot_bringup) StderrLine: {'line': b"    raise InvalidPackage('The manifest contains invalid XML:\\n%s' % ex, filename)\n"}
[1.357966] (my_robot_bringup) StderrLine: {'line': b"catkin_pkg.package.InvalidPackage: Error(s) in package '/home/jack/ros2_ws/src/my_robot_bringup/package.xml':\n"}
[1.358024] (my_robot_bringup) StderrLine: {'line': b'The manifest contains invalid XML:\n'}
[1.358081] (my_robot_bringup) StderrLine: {'line': b'not well-formed (invalid token): line 7, column 69\n'}
[1.392815] (my_robot_bringup) StderrLine: {'line': b'\x1b[31mCMake Error at /opt/ros/jazzy/share/ament_cmake_core/cmake/core/ament_package_xml.cmake:95 (message):\n'}
[1.393194] (my_robot_bringup) StderrLine: {'line': b'  execute_process(/usr/bin/python3\n'}
[1.393287] (my_robot_bringup) StderrLine: {'line': b'  /opt/ros/jazzy/share/ament_cmake_core/cmake/core/package_xml_2_cmake.py\n'}
[1.393366] (my_robot_bringup) StderrLine: {'line': b'  /home/jack/ros2_ws/src/my_robot_bringup/package.xml\n'}
[1.393441] (my_robot_bringup) StderrLine: {'line': b'  /home/jack/ros2_ws/build/my_robot_bringup/ament_cmake_core/package.cmake)\n'}
[1.393528] (my_robot_bringup) StderrLine: {'line': b'  returned error code 1\n'}
[1.393605] (my_robot_bringup) StderrLine: {'line': b'Call Stack (most recent call first):\n'}
[1.393679] (my_robot_bringup) StderrLine: {'line': b'  /opt/ros/jazzy/share/ament_cmake_core/cmake/core/ament_package_xml.cmake:49 (_ament_package_xml)\n'}
[1.393754] (my_robot_bringup) StderrLine: {'line': b'  /opt/ros/jazzy/share/ament_cmake_core/cmake/core/ament_package.cmake:63 (ament_package_xml)\n'}
[1.393827] (my_robot_bringup) StderrLine: {'line': b'  CMakeLists.txt:16 (ament_package)\n'}
[1.393895] (my_robot_bringup) StderrLine: {'line': b'\n'}
[1.393959] (my_robot_bringup) StderrLine: {'line': b'\x1b[0m\n'}
[1.394021] (my_robot_bringup) StdoutLine: {'line': b'-- Configuring incomplete, errors occurred!\n'}
[1.396607] (my_robot_bringup) CommandEnded: {'returncode': 1}
[1.396911] (my_robot_bringup) JobEnded: {'identifier': 'my_robot_bringup', 'rc': 1}
[1.404559] (-) TimerEvent: {}
[1.407157] (-) EventReactorShutdown: {}
